The map file is set up as follows:
	the first line is the name of the maps.
	the second line is the number of squares  drawn on the map horizontally
	the third line is the number of squares drawn on the map vertically
	the "::end" shows the program that the entry has ended and another can begin.
::end
AbandonedFarm.jpg
24
24
::end
Airport.jpg
24
24
::end
AirportTerminal.jpg
24
24
::end
AncientTemple.jpg
24
24
::end
AntimatterFortress.jpg
24
24
::end
ApartmentComplex.jpg
24
24
::end
Arkham.jpg
24
24
::end
ArkhamAsylum.jpg
24
24
::end
AsianGarden.jpg
24
24
::end
Asiatic.jpg
24
24
::end
Asteroid_Map.jpg
24
24
::end
AsteroidM.jpg
24
24
::end
Atlantis_Outpost.jpg
24
24
::end
Avengers_Airbase.jpg
24
24
::end
Avengers_Mansion.jpg
24
24
::end
Avengers_Outdoor.jpg
24
24
::end
AxisChemical.png
24
24
::end
Bank.jpg
24
24
::end
Bank2.jpg
24
24
::end
Barricade.jpg
24
24
::end
Batcave.png
24
24
::end
BattleSquare.jpg
24
24
::end
Baxter_Indoor.jpg
24
24
::end
BlackestNight_Custom.jpg
24
24
::end
Bridge.jpg
24
24
::end
Botanical_Gardens.jpg
24
24
::end
Business_Park.jpg
24
24
::end
Butterfly_Map.png
24
24
::end
Canyon.jpg
24
24
::end
Carnival.jpg
24
24
::end
Castle.jpg
24
24
::end
CastleRuins.jpg
24
24
::end
Cave.jpg
24
24
::end
CellBlock4.jpg
24
24
::end
CenterOfTheEarth.jpg
24
24
::end
Central_Park_Zoo.jpg
24
24
::end
ChemPlant.jpg
24
24
::end
CityBlock.jpg
24
24
::end
City_Roundabout.jpg
24
24
::end
City_Streets.jpg
24
24
::end
Construction_Site.jpg
24
24
::end
CornerLot.jpg
24
24
::end
CrashedShip-GF9.jpg
24
24
::end
Crater.jpg
24
24
::end
Daily_Bugle.jpg
24
24
::end
DangerRoom.jpg
24
24
::end
DawnOfMan.jpg
24
24
::end
DaysOfFuturePast.jpg
24
24
::end
DC_Gas_Station.jpg
24
24
::end
DC_Museum.png
24
24
::end
DC_Office.jpg
24
24
::end
Deep_space.jpg
24
24
::end
Desert_Base.jpg
24
24
::end
Desert_Base_Outdoor.jpg
24
24
::end
DesertVillage1.jpg
24
24
::end
DesertVillage2.jpg
24
24
::end
Docks.jpg
24
24
::end
Dooms_Castle.jpg
24
24
::end
Dooms_Palace.jpg
24
24
::end
Druidic-Celtic.jpg
24
24
::end
Egyptian.jpg
24
24
::end
EmergencyCenter.jpg
24
24
::end
Factory.png
24
24
::end
Factory_Setting.jpg
24
24
::end
Flood_Map_01.jpg
24
24
::end
Flood_Map_03.jpg
24
24
::end
Flood_Map_04.jpg
24
24
::end
Fortress_of_Solitude.jpg
24
24
::end
Freakshow.jpg
24
24
::end
Game_Board.jpg
24
24
::end
GammaBase.jpg
24
24
::end
GardenPark.jpg
24
24
::end
Gear_Factory.jpg
24
24
::end
Graveyard.jpg
24
24
::end
GRChristmasMap2010.jpg
24
24
::end
GreatArena.jpg
24
24
::end
HallOfHeroes.jpg
24
24
::end
Hawkworld.jpg
24
24
::end
Headquarters.jpg
24
24
::end
Helicarrier1.jpg
24
24
::end
Helicarrier2.jpg
24
24
::end
Helicarrier3.jpg
24
24
::end
Helicarrier4.jpg
24
24
::end
Hydra_Base.jpg
24
24
::end
IcebergLounge.jpg
24
24
::end
Indoors.jpg
24
24
::end
Indy_Temple.jpg
24
24
::end
Indys_Cave.jpg
24
24
::end
Infinity.jpg
24
24
::end
Institute_Grounds.jpg
24
24
::end
Ivys_Maze.jpg
24
24
::end
Jail.jpg
24
24
::end
JLA_Satellite.jpg
24
24
::end
Junkyard.jpg
24
24
::end
Karnak.jpg
24
24
::end
Krakoa.jpg
24
24
::end
LoadingDocks.jpg
24
24
::end
LoSH_Map.jpg
24
24
::end
Madripoor.jpg
24
24
::end
Mall.jpg
24
24
::end
ManhattanLab.jpg
24
24
::end
Mansion.png
24
24
::end
Mars.jpg
24
24
::end
MarvelWarehouse.png
24
24
::end
Maze_of_Mirrors.jpg
24
24
::end
Medical_Center.jpg
24
24
::end
MegaFort.jpg
24
24
::end
Memorial.jpg
24
24
::end
Meso-American.jpg
24
24
::end
Metropolis.jpg
24
24
::end
MicroMap.jpg
24
24
::end
Monument.jpg
24
24
::end
MuirIsland1.jpg
24
24
::end
MuirIsland2.jpg
24
24
::end
Museum.jpg
24
24
::end
Muspelheim.jpg
24
24
::end
NegativeZone.jpg
24
24
::end
Neighborhood.jpg
24
24
::end
NYoutside.jpg
24
24
::end
Occult_Experiment.jpg
24
24
::end
OldCemetary.jpg
24
24
::end
OsCorp.jpg
24
24
::end
Outdoors.jpg
24
24
::end
Overpass.jpg
24
24
::end
Park.jpg
24
24
::end
Park_2.jpg
24
24
::end
Park_3.jpg
24
24
::end
Park4.png
24
24
::end
Plaza.jpg
24
24
::end
Pier_51.jpg
24
24
::end
Police_Lot.jpg
24
24
::end
PoliceStation.jpg
24
24
::end
Port_Map.jpg
24
24
::end
PowerBattery.jpg
24
24
::end
Prison.jpg
24
24
::end
Quiet_Neighborhood.jpg
24
24
::end
RainbowBridge.jpg
24
24
::end
Remote_Island.jpg
24
24
::end
Roof_Top.jpg
24
24
::end
RuinedSchool.jpg
24
24
::end
Savage_Land.jpg
24
24
::end
Sciencells.jpg
24
24
::end
SecretLab.jpg
24
24
::end
SentinelCamp.jpg
24
24
::end
SentinelFactory1.jpg
24
24
::end
SentinelFactory2.jpg
24
24
::end
Sewer.jpg
24
24
::end
Shield_Base.jpg
24
24
::end
Shield_Office.jpg
24
24
::end
ShieldHelicarrier.jpg
24
24
::end
Small_Town.jpg
24
24
::end
Snowy_Wilderness.jpg
24
24
::end
South_Side_Warehouse.jpg
24
24
::end
Star_Ship_Bridge.jpg
24
24
::end
Stargate.jpg
24
24
::end
Starlabs.jpg
24
24
::end
Strange.jpg
24
24
::end
Subway.jpg
24
24
::end
Subway2.jpg
24
24
::end
Super_Market.jpg
24
24
::end
Temple.jpg
24
24
::end
TempleRuins.jpg
24
24
::end
The_Bank.jpg
24
24
::end
The_Bridge.jpg
24
24
::end
The_Compound.png
24
24
::end
The_Country_Map.jpg
24
24
::end
The_Evening_Woods.jpg
24
24
::end
The_Lab.jpg
24
24
::end
The_Maze.jpg
24
24
::end
The_Narrows.png
24
24
::end
The_Underground_Hide_Out.png
24
24
::end
Traffic_Jam.jpg
24
24
::end
Train_Depot.jpg
24
24
::end
TrainStation.jpg
24
24
::end
Training_Complex.jpg
24
24
::end
Tropical_Beach_Outdoor.jpg
24
24
::end
Tull.jpg
24
24
::end
Tunnels.jpg
24
24
::end
UrbanNW.jpg
24
24
::end
UrbanNW2.jpg
24
24
::end
UrbanNE.jpg
24
24
::end
UrbanNE2.jpg
24
24
::end
UrbanSW.jpg
24
24
::end
UrbanSW2.jpg
24
24
::end
UrbanSE.jpg
24
24
::end
UrbanSE2.jpg
24
24
::end
Vigilante'sLair.jpg
24
24
::end
Village.jpg
24
24
::end
Warehouse.jpg
24
24
::end
Warehouse2.jpg
24
24
::end
WarehouseYard.jpg
24
24
::end
WaterTreatmentPlant.jpg
24
24
::end
Whitehouse.jpg
24
24
::end
Xaviers_School.jpg
24
24
::end
X_Mansion.jpg
24
24
::end